[PACE] chirp 0.10->5.00 Hz / 30.0 s, rate=1000 Hz, move_time=2.0 s
[PACE] idx  name                         role          kp       kd      amp   center
[PACE] 0    left_hip_pitch_joint         hold       30.00    6.000   0.0000       q0
[PACE] 1    left_hip_roll_joint          hold       80.00   16.000   0.0000       q0
[PACE] 2    left_hip_yaw_joint           hold       30.00    6.000   0.0000       q0
[PACE] 3    left_knee_joint              hold       80.00   16.000   0.0000       q0
[PACE] 4    left_ankle_pitch_joint       hold       25.00    5.000   0.0000       q0  (并联, 关节空间 PD)
[PACE] 5    left_ankle_roll_joint        excite     25.00    5.000   0.0500       q0  (并联, 关节空间 PD)
[PACE] 踝电机侧附加阻尼 kd_ff[0] = 0.000
[PACE] 同肢体中不发送指令(无力)的并联关节: 无
can0 is UP  can1 is UP  can2 is UP  can3 is UP  can4 is UP  can5 is UP  [PACE] 开始: probe 阶段零刚度, 请确认参与关节处于自然下垂/静止位置
[PACE] left_hip_pitch_joint         q0 = -0.05093  center = -0.05093 (74 帧)
[PACE] left_hip_roll_joint          q0 = -0.01452  center = -0.01452 (75 帧)
[PACE] left_hip_yaw_joint           q0 =  0.02956  center =  0.02956 (75 帧)
[PACE] left_knee_joint              q0 =  0.09825  center =  0.09825 (75 帧)
[PACE] left_ankle_pitch_joint       q0 = -0.26042  center = -0.26042 (290 帧)
[PACE] left_ankle_roll_joint        q0 = -0.00980  center = -0.00980 (290 帧)
[PACE] 0.500 s: probe -> engage
[PACE] 1.000 s: engage -> move_in
[PACE] 3.000 s: move_in -> hold_pre
[PACE] 4.000 s: hold_pre -> chirp
[PACE] 34.000 s: chirp -> hold_post
[PACE] 35.000 s: hold_post -> move_out
[PACE] 37.000 s: move_out -> release
[PACE] 37.500 s: release -> zero
[PACE] 37.600 s: zero -> done
[PACE] 采集完成, 共 37601 拍, 超时 0 拍
[PACE] left_hip_pitch_joint         chirp 段反馈 7440 帧 约 248.0 Hz, 最大间隔 4.46 ms, 最大 |q_des-q| 0.0004 rad
[PACE] left_hip_roll_joint          chirp 段反馈 7440 帧 约 248.0 Hz, 最大间隔 4.50 ms, 最大 |q_des-q| 0.0000 rad
[PACE] left_hip_yaw_joint           chirp 段反馈 7440 帧 约 248.0 Hz, 最大间隔 4.48 ms, 最大 |q_des-q| 0.0000 rad
[PACE] left_knee_joint              chirp 段反馈 7440 帧 约 248.0 Hz, 最大间隔 4.60 ms, 最大 |q_des-q| 0.0000 rad
[PACE] left_ankle_pitch_joint       chirp 段反馈 28773 帧 约 959.1 Hz, 最大间隔 3.39 ms, 最大 |q_des-q| 0.0096 rad
[PACE] left_ankle_roll_joint        chirp 段反馈 28773 帧 约 959.1 Hz, 最大间隔 3.39 ms, 最大 |q_des-q| 0.0568 rad
[PACE] CAN 通道 0: 发送队列为空 390 次, 其中重发上一份快照 377 次
[PACE] 输出: /home/user/keenon_pace_7/leg_tool/build/pace_log/20260930_173541_single/20260930_174354_l_ankle_roll/ticks.csv, meta.json
